
> zencura-web@0.1.0 build
> next build

node.exe : ΓÜá 
Warning: Next.js 
inferred your 
workspace root, but 
it may not be 
correct.
At line:1 char:1
+ & "C:\Program Files
\nodejs/node.exe" "C:
\Users\Home\AppData\R
oaming\n ...
+ ~~~~~~~~~~~~~~~~~~~
~~~~~~~~~~~~~~~~~~~~~
~~~~~~~~~~~~~~~~~~~~~
~~~~~~~~
    + CategoryInfo   
           : NotSpe  
  cified: (ΓÜá War   
 ning: Ne...not b    
e correct.:Strin    
g) [], RemoteExc    
eption
    + FullyQualified 
   ErrorId : Native  
  CommandError
 
 We detected 
multiple lockfiles 
and selected the 
directory of 
E:\package-lock.json 
as the root 
directory.
 To silence this 
warning, set 
`turbopack.root` in 
your Next.js config, 
or consider removing 
one of the lockfiles 
if it's not needed.
   See https://nextjs
.org/docs/app/api-ref
erence/config/next-co
nfig-js/turbopack#roo
t-directory for more 
information.
 Detected additional 
lockfiles: 
   * E:\Akash\Web_pro
ject\Artibots\Project
\Zencura\zencura-web\
package-lock.json

Γû▓ Next.js 16.1.6 (Turbopack)

  Creating an optimized production build ...
Γ£ô Compiled successfully in 2.8s
  Running TypeScript ...
Failed to compile.

./src/app/page.tsx:29
:4
Type error: Type '{ 
children: ("" | 
Element | 
undefined)[]; 
className: string; 
initial: { opacity: 
number; y: number; 
}; whileInView: { 
opacity: number; y: 
number; }; viewport: 
{ once: boolean; }; 
transition: { 
duration: number; 
ease: number[]; }; 
}' is not assignable 
to type 'Omit<HTMLMot
ionProps<"div">, 
"ref">'.
  Types of property 
'transition' are 
incompatible.
    Type '{ 
duration: number; 
ease: number[]; }' 
is not assignable to 
type 
'Transition<any> | 
undefined'.
      Type '{ 
duration: number; 
ease: number[]; }' 
is not assignable to 
type 'TransitionWithV
alueOverrides<any>'.
        Type '{ 
duration: number; 
ease: number[]; }' 
is not assignable to 
type 'ValueAnimationT
ransition<any>'.
          Types of 
property 'ease' are 
incompatible.
            Type 
'number[]' is not 
assignable to type 
'Easing | Easing[] | 
undefined'.
              Type 
'number[]' is not 
assignable to type 
'EasingFunction | 
Easing[]'.
                Type 
'number[]' is not 
assignable to type 
'Easing[]'.
                  
Type 'number' is not 
assignable to type 
'Easing'.

[0m [90m 27 |[39m
 [90m 28 |[39m 
[36mconst[39m [33m
SectionHeading[39m 
[33m=[39m ({ 
overline[33m,[39m 
title[33m,[39m 
subtext[33m,[39m 
centered [33m=[39m 
[36mfalse[39m 
}[33m:[39m { overli
ne[33m?[39m[33m:[
39m 
string[33m,[39m 
title[33m:[39m 
string[33m,[39m sub
text[33m?[39m[33m:
[39m 
string[33m,[39m cen
tered[33m?[39m[33m
:[39m boolean }) 
[33m=>[39m (
[31m[1m>[22m[39m
[90m 29 |[39m   [33
m<[39m[33mmotion[3
9m[33m.[39mdiv
 [90m    |[39m    
[31m[1m^[22m[39m
 [90m 30 |[39m     
{[33m...[39mfadeIn}
 [90m 31 |[39m     
className[33m=[39m{
[32m`mb-20 
space-y-6 ${centered 
? 'text-center 
mx-auto max-w-3xl' : 
'max-w-2xl'}`[39m}
 [90m 32 |[39m   
[33m>[39m[0m
Next.js build worker 
exited with code: 1 
and signal: null
